count = 27
misc\bird\eagle_Freezone_b_Ka_01.brd
misc\bird\eagle_Freezone_b_Ka_02.brd
misc\bird\eagle_Freezone_b_Ka_03.brd
misc\bird\eagle_Freezone_b_Ka_04.brd
misc\bird\eagle_Freezone_b_Ka_05.brd
misc\bird\eagle_Freezone_b_Ka_06.brd
misc\bird\eagle_Freezone_b_Ka_07.brd
misc\bird\eagle_Freezone_b_El_01.brd
misc\bird\eagle_Freezone_b_El_02.brd
misc\bird\eagle_Freezone_b_El_03.brd
misc\bird\eagle_Freezone_b_El_04.brd
misc\bird\eagle_Freezone_b_El_05.brd
misc\bird\eagle_Freezone_b_El_06.brd
misc\bird\eagle_Freezone_b_El_07.brd
misc\bird\eagle_Freezone_b_middle_01.brd
misc\bird\eagle_Freezone_b_middle_02.brd
misc\bird\eagle_Freezone_b_middle_03.brd
misc\bird\eagle_Freezone_b_middle_04.brd
misc\bird\eagle_Freezone_b_middle_05.brd
misc\bird\eagle_Freezone_b_middle_06.brd
misc\bird\eagle_Freezone_b_middle_07.brd
misc\bird\eagle_Freezone_b_middle_08.brd
misc\bird\eagle_Freezone_b_middle_09.brd
misc\bird\eagle_Freezone_b_middle_10.brd
misc\bird\eagle_Freezone_b_middle_11.brd
misc\bird\eagle_Freezone_b_middle_12.brd
misc\bird\eagle_Freezone_b_middle_13.brd